Nothing to build in platform 'Main_wrapper'

13:52:59 **** Incremental Build of configuration Debug for project FPGAwars ****
make all 
make --no-print-directory pre-build
a9-linaro-pre-build-step
' '
make --no-print-directory main-build
'Building file: ../src/helloworld.c'
'Invoking: ARM v7 gcc compiler'
arm-none-eabi-gcc -Wall -O0 -g3 -c -fmessage-length=0 -MT"src/helloworld.o" -mcpu=cortex-a9 -mfpu=vfpv3 -mfloat-abi=hard -IC:/Users/Irene/workspace/Main_wrapper/export/Main_wrapper/sw/Main_wrapper/standalone_ps7_cortexa9_0/bspinclude/include -MMD -MP -MF"src/helloworld.d" -MT"src/helloworld.o" -o "src/helloworld.o" "../src/helloworld.c"
'Finished building: ../src/helloworld.c'
' '
'Building target: FPGAwars.elf'
'Invoking: ARM v7 gcc linker'
arm-none-eabi-gcc -mcpu=cortex-a9 -mfpu=vfpv3 -mfloat-abi=hard -Wl,-build-id=none -specs=Xilinx.spec -Wl,-T -Wl,../src/lscript.ld -LC:/Users/Irene/workspace/Main_wrapper/export/Main_wrapper/sw/Main_wrapper/standalone_ps7_cortexa9_0/bsplib/lib -o "FPGAwars.elf"  ./src/helloworld.o ./src/platform.o ./src/spi_zynq.o   -Wl,--start-group,-lxil,-lgcc,-lc,--end-group
'Finished building target: FPGAwars.elf'
' '
'Invoking: ARM v7 Print Size'
arm-none-eabi-size FPGAwars.elf  |tee "FPGAwars.elf.size"
   text	   data	    bss	    dec	    hex	filename
  59881	   2596	  23080	  85557	  14e35	FPGAwars.elf
'Finished building: FPGAwars.elf.size'
' '
